Archive member included because of file (symbol)

c:/program files/sdk_win_64/sdk_win_64/winavr/bin/../lib/gcc/avr/4.3.3/avr5\libgcc.a(_mulsi3.o)
                              ./MCAL/Timer/Timer_Prog.o (__mulsi3)
c:/program files/sdk_win_64/sdk_win_64/winavr/bin/../lib/gcc/avr/4.3.3/avr5\libgcc.a(_udivmodqi4.o)
                              ./MCAL/DIO/DIO_Prog.o (__udivmodqi4)
c:/program files/sdk_win_64/sdk_win_64/winavr/bin/../lib/gcc/avr/4.3.3/avr5\libgcc.a(_udivmodhi4.o)
                              ./APP/main.o (__udivmodhi4)
c:/program files/sdk_win_64/sdk_win_64/winavr/bin/../lib/gcc/avr/4.3.3/avr5\libgcc.a(_udivmodsi4.o)
                              ./HAL/LM35/LM35_Prog.o (__udivmodsi4)
c:/program files/sdk_win_64/sdk_win_64/winavr/bin/../lib/gcc/avr/4.3.3/avr5\libgcc.a(_divmodsi4.o)
                              ./MCAL/Timer/Timer_Prog.o (__divmodsi4)
c:/program files/sdk_win_64/sdk_win_64/winavr/bin/../lib/gcc/avr/4.3.3/avr5\libgcc.a(_exit.o)
                              c:/program files/sdk_win_64/sdk_win_64/winavr/bin/../lib/gcc/avr/4.3.3/../../../../avr/lib/avr5/crtm32.o (exit)
c:/program files/sdk_win_64/sdk_win_64/winavr/bin/../lib/gcc/avr/4.3.3/avr5\libgcc.a(_copy_data.o)
                              ./HAL/LCD/LCD_Prog.o (__do_copy_data)
c:/program files/sdk_win_64/sdk_win_64/winavr/bin/../lib/gcc/avr/4.3.3/avr5\libgcc.a(_clear_bss.o)
                              ./MCAL/UART/UART_Prog.o (__do_clear_bss)
c:/program files/sdk_win_64/sdk_win_64/winavr/bin/../lib/gcc/avr/4.3.3/avr5\libgcc.a(_fixunssfsi.o)
                              ./MCAL/Timer/Timer_Prog.o (__fixunssfsi)
c:/program files/sdk_win_64/sdk_win_64/winavr/bin/../lib/gcc/avr/4.3.3/avr5\libgcc.a(_addsub_sf.o)
                              ./MCAL/Timer/Timer_Prog.o (__subsf3)
c:/program files/sdk_win_64/sdk_win_64/winavr/bin/../lib/gcc/avr/4.3.3/avr5\libgcc.a(_mul_sf.o)
                              ./MCAL/Timer/Timer_Prog.o (__mulsf3)
c:/program files/sdk_win_64/sdk_win_64/winavr/bin/../lib/gcc/avr/4.3.3/avr5\libgcc.a(_div_sf.o)
                              ./MCAL/Timer/Timer_Prog.o (__divsf3)
c:/program files/sdk_win_64/sdk_win_64/winavr/bin/../lib/gcc/avr/4.3.3/avr5\libgcc.a(_eq_sf.o)
                              ./MCAL/Timer/Timer_Prog.o (__eqsf2)
c:/program files/sdk_win_64/sdk_win_64/winavr/bin/../lib/gcc/avr/4.3.3/avr5\libgcc.a(_ge_sf.o)
                              c:/program files/sdk_win_64/sdk_win_64/winavr/bin/../lib/gcc/avr/4.3.3/avr5\libgcc.a(_fixunssfsi.o) (__gesf2)
c:/program files/sdk_win_64/sdk_win_64/winavr/bin/../lib/gcc/avr/4.3.3/avr5\libgcc.a(_si_to_sf.o)
                              ./HAL/Servo/Servo_Prog.o (__floatsisf)
c:/program files/sdk_win_64/sdk_win_64/winavr/bin/../lib/gcc/avr/4.3.3/avr5\libgcc.a(_sf_to_si.o)
                              c:/program files/sdk_win_64/sdk_win_64/winavr/bin/../lib/gcc/avr/4.3.3/avr5\libgcc.a(_fixunssfsi.o) (__fixsfsi)
c:/program files/sdk_win_64/sdk_win_64/winavr/bin/../lib/gcc/avr/4.3.3/avr5\libgcc.a(_thenan_sf.o)
                              c:/program files/sdk_win_64/sdk_win_64/winavr/bin/../lib/gcc/avr/4.3.3/avr5\libgcc.a(_addsub_sf.o) (__thenan_sf)
c:/program files/sdk_win_64/sdk_win_64/winavr/bin/../lib/gcc/avr/4.3.3/avr5\libgcc.a(_usi_to_sf.o)
                              ./MCAL/Timer/Timer_Prog.o (__floatunsisf)
c:/program files/sdk_win_64/sdk_win_64/winavr/bin/../lib/gcc/avr/4.3.3/avr5\libgcc.a(_prologue.o)
                              c:/program files/sdk_win_64/sdk_win_64/winavr/bin/../lib/gcc/avr/4.3.3/avr5\libgcc.a(_addsub_sf.o) (__prologue_saves__)
c:/program files/sdk_win_64/sdk_win_64/winavr/bin/../lib/gcc/avr/4.3.3/avr5\libgcc.a(_epilogue.o)
                              c:/program files/sdk_win_64/sdk_win_64/winavr/bin/../lib/gcc/avr/4.3.3/avr5\libgcc.a(_addsub_sf.o) (__epilogue_restores__)
c:/program files/sdk_win_64/sdk_win_64/winavr/bin/../lib/gcc/avr/4.3.3/avr5\libgcc.a(_clzsi2.o)
                              c:/program files/sdk_win_64/sdk_win_64/winavr/bin/../lib/gcc/avr/4.3.3/avr5\libgcc.a(_si_to_sf.o) (__clzsi2)
c:/program files/sdk_win_64/sdk_win_64/winavr/bin/../lib/gcc/avr/4.3.3/avr5\libgcc.a(_pack_sf.o)
                              c:/program files/sdk_win_64/sdk_win_64/winavr/bin/../lib/gcc/avr/4.3.3/avr5\libgcc.a(_addsub_sf.o) (__pack_f)
c:/program files/sdk_win_64/sdk_win_64/winavr/bin/../lib/gcc/avr/4.3.3/avr5\libgcc.a(_unpack_sf.o)
                              c:/program files/sdk_win_64/sdk_win_64/winavr/bin/../lib/gcc/avr/4.3.3/avr5\libgcc.a(_addsub_sf.o) (__unpack_f)
c:/program files/sdk_win_64/sdk_win_64/winavr/bin/../lib/gcc/avr/4.3.3/avr5\libgcc.a(_fpcmp_parts_sf.o)
                              c:/program files/sdk_win_64/sdk_win_64/winavr/bin/../lib/gcc/avr/4.3.3/avr5\libgcc.a(_eq_sf.o) (__fpcmp_parts_f)
c:/program files/sdk_win_64/sdk_win_64/winavr/bin/../lib/gcc/avr/4.3.3/avr5\libgcc.a(_clz.o)
                              c:/program files/sdk_win_64/sdk_win_64/winavr/bin/../lib/gcc/avr/4.3.3/avr5\libgcc.a(_clzsi2.o) (__clz_tab)

Allocating common symbols
Common symbol       size              file

Timer2_CallBack     0x2               ./MCAL/Timer/Timer_Prog.o
UART_CallBack       0x2               ./MCAL/UART/UART_Prog.o
Global_A_U32_Timer_s
                    0x4               ./APP/main.o
KeyPad_CallBack     0x2               ./HAL/KeyPad/KeyPad_Prog.o
LCD_CallBack        0x2               ./HAL/LCD/LCD_Prog.o
Timer1_CallBack     0x2               ./MCAL/Timer/Timer_Prog.o
Timer0_CallBack     0x2               ./MCAL/Timer/Timer_Prog.o
EXT_INT_CallBack    0x2               ./MCAL/EXT_INT/EXT_INT_Prog.o

Memory Configuration

Name             Origin             Length             Attributes
text             0x00000000         0x00020000         xr
data             0x00800060         0x0000ffa0         rw !x
eeprom           0x00810000         0x00010000         rw !x
fuse             0x00820000         0x00000400         rw !x
lock             0x00830000         0x00000400         rw !x
signature        0x00840000         0x00000400         rw !x
*default*        0x00000000         0xffffffff

Linker script and memory map

LOAD c:/program files/sdk_win_64/sdk_win_64/winavr/bin/../lib/gcc/avr/4.3.3/../../../../avr/lib/avr5/crtm32.o
LOAD ./MCAL/WDT/WDT_Prog.o
LOAD ./MCAL/UART/UART_Prog.o
LOAD ./MCAL/Timer/Timer_Prog.o
LOAD ./MCAL/SPI/SPI_Prog.o
LOAD ./MCAL/I2C/I2C_Prog.o
LOAD ./MCAL/GIE/GIE_Prog.o
LOAD ./MCAL/EXT_INT/EXT_INT_Prog.o
LOAD ./MCAL/DIO/DIO_Prog.o
LOAD ./MCAL/ADC/ADC_Prog.o
LOAD ./HAL/Servo/Servo_Prog.o
LOAD ./HAL/SSD/SSD_Prog.o
LOAD ./HAL/PB/PB_Prog.o
LOAD ./HAL/LM35/LM35_Prog.o
LOAD ./HAL/LED/LED_Prog.o
LOAD ./HAL/LCD/LCD_Prog.o
LOAD ./HAL/KeyPad/KeyPad_Prog.o
LOAD ./HAL/DCMotor/DCMotor_Prog.o
LOAD ./HAL/Buzzer/Buzzer_Prog.o
LOAD ./HAL/AT24C16A/AT24C16A_Prog.o
LOAD ./APP/main.o
LOAD c:/program files/sdk_win_64/sdk_win_64/winavr/bin/../lib/gcc/avr/4.3.3/avr5\libgcc.a
LOAD c:/program files/sdk_win_64/sdk_win_64/winavr/bin/../lib/gcc/avr/4.3.3/../../../../avr/lib/avr5\libc.a
LOAD c:/program files/sdk_win_64/sdk_win_64/winavr/bin/../lib/gcc/avr/4.3.3/avr5\libgcc.a

.hash
 *(.hash)

.dynsym
 *(.dynsym)

.dynstr
 *(.dynstr)

.gnu.version
 *(.gnu.version)

.gnu.version_d
 *(.gnu.version_d)

.gnu.version_r
 *(.gnu.version_r)

.rel.init
 *(.rel.init)

.rela.init
 *(.rela.init)

.rel.text
 *(.rel.text)
 *(.rel.text.*)
 *(.rel.gnu.linkonce.t*)

.rela.text
 *(.rela.text)
 *(.rela.text.*)
 *(.rela.gnu.linkonce.t*)

.rel.fini
 *(.rel.fini)

.rela.fini
 *(.rela.fini)

.rel.rodata
 *(.rel.rodata)
 *(.rel.rodata.*)
 *(.rel.gnu.linkonce.r*)

.rela.rodata
 *(.rela.rodata)
 *(.rela.rodata.*)
 *(.rela.gnu.linkonce.r*)

.rel.data
 *(.rel.data)
 *(.rel.data.*)
 *(.rel.gnu.linkonce.d*)

.rela.data
 *(.rela.data)
 *(.rela.data.*)
 *(.rela.gnu.linkonce.d*)

.rel.ctors
 *(.rel.ctors)

.rela.ctors
 *(.rela.ctors)

.rel.dtors
 *(.rel.dtors)

.rela.dtors
 *(.rela.dtors)

.rel.got
 *(.rel.got)

.rela.got
 *(.rela.got)

.rel.bss
 *(.rel.bss)

.rela.bss
 *(.rela.bss)

.rel.plt
 *(.rel.plt)

.rela.plt
 *(.rela.plt)

.text           0x00000000     0x31e6
 *(.vectors)
 .vectors       0x00000000       0x54 c:/program files/sdk_win_64/sdk_win_64/winavr/bin/../lib/gcc/avr/4.3.3/../../../../avr/lib/avr5/crtm32.o
                0x00000000                __vectors
                0x00000000                __vector_default
 *(.vectors)
 *(.progmem.gcc*)
 *(.progmem*)
                0x00000054                . = ALIGN (0x2)
                0x00000054                __trampolines_start = .
 *(.trampolines)
 .trampolines   0x00000054        0x0 linker stubs
 *(.trampolines*)
                0x00000054                __trampolines_end = .
 *(.jumptables)
 *(.jumptables*)
 *(.lowtext)
 *(.lowtext*)
                0x00000054                __ctors_start = .
 *(.ctors)
                0x00000054                __ctors_end = .
                0x00000054                __dtors_start = .
 *(.dtors)
                0x00000054                __dtors_end = .
 SORT(*)(.ctors)
 SORT(*)(.dtors)
 *(.init0)
 .init0         0x00000054        0x0 c:/program files/sdk_win_64/sdk_win_64/winavr/bin/../lib/gcc/avr/4.3.3/../../../../avr/lib/avr5/crtm32.o
                0x00000054                __init
 *(.init0)
 *(.init1)
 *(.init1)
 *(.init2)
 .init2         0x00000054        0xc c:/program files/sdk_win_64/sdk_win_64/winavr/bin/../lib/gcc/avr/4.3.3/../../../../avr/lib/avr5/crtm32.o
 *(.init2)
 *(.init3)
 *(.init3)
 *(.init4)
 .init4         0x00000060       0x16 c:/program files/sdk_win_64/sdk_win_64/winavr/bin/../lib/gcc/avr/4.3.3/avr5\libgcc.a(_copy_data.o)
                0x00000060                __do_copy_data
 .init4         0x00000076       0x10 c:/program files/sdk_win_64/sdk_win_64/winavr/bin/../lib/gcc/avr/4.3.3/avr5\libgcc.a(_clear_bss.o)
                0x00000076                __do_clear_bss
 *(.init4)
 *(.init5)
 *(.init5)
 *(.init6)
 *(.init6)
 *(.init7)
 *(.init7)
 *(.init8)
 *(.init8)
 *(.init9)
 .init9         0x00000086        0x8 c:/program files/sdk_win_64/sdk_win_64/winavr/bin/../lib/gcc/avr/4.3.3/../../../../avr/lib/avr5/crtm32.o
 *(.init9)
 *(.text)
 .text          0x0000008e        0x4 c:/program files/sdk_win_64/sdk_win_64/winavr/bin/../lib/gcc/avr/4.3.3/../../../../avr/lib/avr5/crtm32.o
                0x0000008e                __vector_12
                0x0000008e                __bad_interrupt
                0x0000008e                __vector_6
                0x0000008e                __vector_17
                0x0000008e                __vector_19
                0x0000008e                __vector_7
                0x0000008e                __vector_5
                0x0000008e                __vector_4
                0x0000008e                __vector_9
                0x0000008e                __vector_15
                0x0000008e                __vector_8
                0x0000008e                __vector_14
                0x0000008e                __vector_10
                0x0000008e                __vector_16
                0x0000008e                __vector_18
                0x0000008e                __vector_20
 .text          0x00000092        0x0 ./MCAL/WDT/WDT_Prog.o
 .text          0x00000092        0x0 ./MCAL/UART/UART_Prog.o
 .text          0x00000092        0x0 ./MCAL/Timer/Timer_Prog.o
 .text          0x00000092        0x0 ./MCAL/SPI/SPI_Prog.o
 .text          0x00000092        0x0 ./MCAL/I2C/I2C_Prog.o
 .text          0x00000092        0x0 ./MCAL/GIE/GIE_Prog.o
 .text          0x00000092        0x0 ./MCAL/EXT_INT/EXT_INT_Prog.o
 .text          0x00000092        0x0 ./MCAL/DIO/DIO_Prog.o
 .text          0x00000092        0x0 ./MCAL/ADC/ADC_Prog.o
 .text          0x00000092        0x0 ./HAL/Servo/Servo_Prog.o
 .text          0x00000092        0x0 ./HAL/SSD/SSD_Prog.o
 .text          0x00000092        0x0 ./HAL/PB/PB_Prog.o
 .text          0x00000092        0x0 ./HAL/LM35/LM35_Prog.o
 .text          0x00000092        0x0 ./HAL/LED/LED_Prog.o
 .text          0x00000092        0x0 ./HAL/LCD/LCD_Prog.o
 .text          0x00000092        0x0 ./HAL/KeyPad/KeyPad_Prog.o
 .text          0x00000092        0x0 ./HAL/DCMotor/DCMotor_Prog.o
 .text          0x00000092        0x0 ./HAL/Buzzer/Buzzer_Prog.o
 .text          0x00000092        0x0 ./HAL/AT24C16A/AT24C16A_Prog.o
 .text          0x00000092        0x0 ./APP/main.o
 .text          0x00000092        0x0 c:/program files/sdk_win_64/sdk_win_64/winavr/bin/../lib/gcc/avr/4.3.3/avr5\libgcc.a(_mulsi3.o)
 .text          0x00000092        0x0 c:/program files/sdk_win_64/sdk_win_64/winavr/bin/../lib/gcc/avr/4.3.3/avr5\libgcc.a(_udivmodqi4.o)
 .text          0x00000092        0x0 c:/program files/sdk_win_64/sdk_win_64/winavr/bin/../lib/gcc/avr/4.3.3/avr5\libgcc.a(_udivmodhi4.o)
 .text          0x00000092        0x0 c:/program files/sdk_win_64/sdk_win_64/winavr/bin/../lib/gcc/avr/4.3.3/avr5\libgcc.a(_udivmodsi4.o)
 .text          0x00000092        0x0 c:/program files/sdk_win_64/sdk_win_64/winavr/bin/../lib/gcc/avr/4.3.3/avr5\libgcc.a(_divmodsi4.o)
 .text          0x00000092        0x0 c:/program files/sdk_win_64/sdk_win_64/winavr/bin/../lib/gcc/avr/4.3.3/avr5\libgcc.a(_exit.o)
 .text          0x00000092        0x0 c:/program files/sdk_win_64/sdk_win_64/winavr/bin/../lib/gcc/avr/4.3.3/avr5\libgcc.a(_copy_data.o)
 .text          0x00000092        0x0 c:/program files/sdk_win_64/sdk_win_64/winavr/bin/../lib/gcc/avr/4.3.3/avr5\libgcc.a(_clear_bss.o)
 .text          0x00000092       0x58 c:/program files/sdk_win_64/sdk_win_64/winavr/bin/../lib/gcc/avr/4.3.3/avr5\libgcc.a(_fixunssfsi.o)
                0x00000092                __fixunssfsi
 .text          0x000000ea      0x354 c:/program files/sdk_win_64/sdk_win_64/winavr/bin/../lib/gcc/avr/4.3.3/avr5\libgcc.a(_addsub_sf.o)
                0x00000382                __subsf3
                0x000003e4                __addsf3
 .text          0x0000043e      0x1f4 c:/program files/sdk_win_64/sdk_win_64/winavr/bin/../lib/gcc/avr/4.3.3/avr5\libgcc.a(_mul_sf.o)
                0x0000043e                __mulsf3
 .text          0x00000632      0x158 c:/program files/sdk_win_64/sdk_win_64/winavr/bin/../lib/gcc/avr/4.3.3/avr5\libgcc.a(_div_sf.o)
                0x00000632                __divsf3
 .text          0x0000078a       0x60 c:/program files/sdk_win_64/sdk_win_64/winavr/bin/../lib/gcc/avr/4.3.3/avr5\libgcc.a(_eq_sf.o)
                0x0000078a                __eqsf2
 .text          0x000007ea       0x60 c:/program files/sdk_win_64/sdk_win_64/winavr/bin/../lib/gcc/avr/4.3.3/avr5\libgcc.a(_ge_sf.o)
                0x000007ea                __gesf2
 .text          0x0000084a       0xbc c:/program files/sdk_win_64/sdk_win_64/winavr/bin/../lib/gcc/avr/4.3.3/avr5\libgcc.a(_si_to_sf.o)
                0x0000084a                __floatsisf
 .text          0x00000906       0xa8 c:/program files/sdk_win_64/sdk_win_64/winavr/bin/../lib/gcc/avr/4.3.3/avr5\libgcc.a(_sf_to_si.o)
                0x00000906                __fixsfsi
 .text          0x000009ae        0x0 c:/program files/sdk_win_64/sdk_win_64/winavr/bin/../lib/gcc/avr/4.3.3/avr5\libgcc.a(_thenan_sf.o)
 .text          0x000009ae       0xf2 c:/program files/sdk_win_64/sdk_win_64/winavr/bin/../lib/gcc/avr/4.3.3/avr5\libgcc.a(_usi_to_sf.o)
                0x000009ae                __floatunsisf
 .text          0x00000aa0        0x0 c:/program files/sdk_win_64/sdk_win_64/winavr/bin/../lib/gcc/avr/4.3.3/avr5\libgcc.a(_prologue.o)
 .text          0x00000aa0        0x0 c:/program files/sdk_win_64/sdk_win_64/winavr/bin/../lib/gcc/avr/4.3.3/avr5\libgcc.a(_epilogue.o)
 .text          0x00000aa0       0x9e c:/program files/sdk_win_64/sdk_win_64/winavr/bin/../lib/gcc/avr/4.3.3/avr5\libgcc.a(_clzsi2.o)
                0x00000aa0                __clzsi2
 .text          0x00000b3e      0x1aa c:/program files/sdk_win_64/sdk_win_64/winavr/bin/../lib/gcc/avr/4.3.3/avr5\libgcc.a(_pack_sf.o)
                0x00000b3e                __pack_f
 .text          0x00000ce8       0xf0 c:/program files/sdk_win_64/sdk_win_64/winavr/bin/../lib/gcc/avr/4.3.3/avr5\libgcc.a(_unpack_sf.o)
                0x00000ce8                __unpack_f
 .text          0x00000dd8       0xb2 c:/program files/sdk_win_64/sdk_win_64/winavr/bin/../lib/gcc/avr/4.3.3/avr5\libgcc.a(_fpcmp_parts_sf.o)
                0x00000dd8                __fpcmp_parts_f
 .text          0x00000e8a        0x0 c:/program files/sdk_win_64/sdk_win_64/winavr/bin/../lib/gcc/avr/4.3.3/avr5\libgcc.a(_clz.o)
                0x00000e8a                . = ALIGN (0x2)
 *(.text.*)
 .text.M_WDT_Void_WDTInit
                0x00000e8a       0x1a ./MCAL/WDT/WDT_Prog.o
                0x00000e8a                M_WDT_Void_WDTInit
 .text.M_WDT_Void_WDTRefresh
                0x00000ea4        0x4 ./MCAL/WDT/WDT_Prog.o
                0x00000ea4                M_WDT_Void_WDTRefresh
 .text.M_UART_Void_UARTSend
                0x00000ea8       0x16 ./MCAL/UART/UART_Prog.o
                0x00000ea8                M_UART_Void_UARTSend
 .text.M_UART_Void_UARTRec
                0x00000ebe        0x8 ./MCAL/UART/UART_Prog.o
                0x00000ebe                M_UART_Void_UARTRec
 .text.M_UART_Void_UARTClear
                0x00000ec6        0x4 ./MCAL/UART/UART_Prog.o
                0x00000ec6                M_UART_Void_UARTClear
 .text.M_UART_Void_UARTSetCallBack
                0x00000eca        0xa ./MCAL/UART/UART_Prog.o
                0x00000eca                M_UART_Void_UARTSetCallBack
 .text.M_UART_Void_UARTSendString
                0x00000ed4       0x40 ./MCAL/UART/UART_Prog.o
                0x00000ed4                M_UART_Void_UARTSendString
 .text.__vector_13
                0x00000f14       0x4e ./MCAL/UART/UART_Prog.o
                0x00000f14                __vector_13
 .text.M_UART_Void_UARTDeinit
                0x00000f62        0x6 ./MCAL/UART/UART_Prog.o
                0x00000f62                M_UART_Void_UARTDeinit
 .text.M_UART_Void_UARTInit
                0x00000f68       0x22 ./MCAL/UART/UART_Prog.o
                0x00000f68                M_UART_Void_UARTInit
 .text.M_Timer_Void_TimerInit
                0x00000f8a       0x18 ./MCAL/Timer/Timer_Prog.o
                0x00000f8a                M_Timer_Void_TimerInit
 .text.M_Timer_Void_TimerSetTime
                0x00000fa2       0x5c ./MCAL/Timer/Timer_Prog.o
                0x00000fa2                M_Timer_Void_TimerSetTime
 .text.M_Timer_Void_TimerStart
                0x00000ffe       0x4a ./MCAL/Timer/Timer_Prog.o
                0x00000ffe                M_Timer_Void_TimerStart
 .text.M_Timer_Void_TimerStop
                0x00001048       0x4a ./MCAL/Timer/Timer_Prog.o
                0x00001048                M_Timer_Void_TimerStop
 .text.M_Timer_Void_PWMSetDutyCycle
                0x00001092       0xd6 ./MCAL/Timer/Timer_Prog.o
                0x00001092                M_Timer_Void_PWMSetDutyCycle
 .text.M_Timer_Void_PWMSetFreaquancy
                0x00001168       0x1a ./MCAL/Timer/Timer_Prog.o
                0x00001168                M_Timer_Void_PWMSetFreaquancy
 .text.M_Timer_Void_PWMStart
                0x00001182        0x6 ./MCAL/Timer/Timer_Prog.o
                0x00001182                M_Timer_Void_PWMStart
 .text.M_Timer_Void_PWMStop
                0x00001188        0x6 ./MCAL/Timer/Timer_Prog.o
                0x00001188                M_Timer_Void_PWMStop
 .text.M_Timer_Void_SetCallBack
                0x0000118e       0x2c ./MCAL/Timer/Timer_Prog.o
                0x0000118e                M_Timer_Void_SetCallBack
 .text.__vector_11
                0x000011ba       0xa6 ./MCAL/Timer/Timer_Prog.o
                0x000011ba                __vector_11
 .text.M_Timer_Void_PWMInit
                0x00001260       0x80 ./MCAL/Timer/Timer_Prog.o
                0x00001260                M_Timer_Void_PWMInit
 .text.M_SPI_U8_SPITransive
                0x000012e0       0x28 ./MCAL/SPI/SPI_Prog.o
                0x000012e0                M_SPI_U8_SPITransive
 .text.M_SPI_Void_SPIInit
                0x00001308       0x28 ./MCAL/SPI/SPI_Prog.o
                0x00001308                M_SPI_Void_SPIInit
 .text.M_I2C_Void_I2CInit
                0x00001330        0xc ./MCAL/I2C/I2C_Prog.o
                0x00001330                M_I2C_Void_I2CInit
 .text.M_I2C_Void_I2CStartCondition
                0x0000133c       0x1c ./MCAL/I2C/I2C_Prog.o
                0x0000133c                M_I2C_Void_I2CStartCondition
 .text.M_I2C_Void_I2CStopCondition
                0x00001358        0xe ./MCAL/I2C/I2C_Prog.o
                0x00001358                M_I2C_Void_I2CStopCondition
 .text.M_I2C_Void_I2CRepeatedStart
                0x00001366       0x1c ./MCAL/I2C/I2C_Prog.o
                0x00001366                M_I2C_Void_I2CRepeatedStart
 .text.M_I2C_Void_I2CSendSlaveAddressWrite
                0x00001382       0x1a ./MCAL/I2C/I2C_Prog.o
                0x00001382                M_I2C_Void_I2CSendSlaveAddressWrite
 .text.M_I2C_Void_I2CSendSlaveAddressRead
                0x0000139c       0x22 ./MCAL/I2C/I2C_Prog.o
                0x0000139c                M_I2C_Void_I2CSendSlaveAddressRead
 .text.M_I2C_Void_I2CSendByte
                0x000013be       0x1e ./MCAL/I2C/I2C_Prog.o
                0x000013be                M_I2C_Void_I2CSendByte
 .text.M_I2C_Void_I2CReadByte
                0x000013dc       0x24 ./MCAL/I2C/I2C_Prog.o
                0x000013dc                M_I2C_Void_I2CReadByte
 .text.M_I2C_Void_I2CReInit
                0x00001400        0xa ./MCAL/I2C/I2C_Prog.o
                0x00001400                M_I2C_Void_I2CReInit
 .text.M_GIE_Void_GlobalInterruptEnable
                0x0000140a        0x8 ./MCAL/GIE/GIE_Prog.o
                0x0000140a                M_GIE_Void_GlobalInterruptEnable
 .text.M_GIE_Void_GlobalInterruptDisable
                0x00001412        0x8 ./MCAL/GIE/GIE_Prog.o
                0x00001412                M_GIE_Void_GlobalInterruptDisable
 .text.M_EXT_INT_Void_ExtIntInit
                0x0000141a       0x42 ./MCAL/EXT_INT/EXT_INT_Prog.o
                0x0000141a                M_EXT_INT_Void_ExtIntInit
 .text.M_EXT_INT_Void_SetCallBack
                0x0000145c        0xa ./MCAL/EXT_INT/EXT_INT_Prog.o
                0x0000145c                M_EXT_INT_Void_SetCallBack
 .text.__vector_1
                0x00001466       0x4e ./MCAL/EXT_INT/EXT_INT_Prog.o
                0x00001466                __vector_1
 .text.__vector_2
                0x000014b4       0x14 ./MCAL/EXT_INT/EXT_INT_Prog.o
                0x000014b4                __vector_2
 .text.__vector_3
                0x000014c8       0x14 ./MCAL/EXT_INT/EXT_INT_Prog.o
                0x000014c8                __vector_3
 .text.M_DIO_Void_SetPinDirection
                0x000014dc      0x10a ./MCAL/DIO/DIO_Prog.o
                0x000014dc                M_DIO_Void_SetPinDirection
 .text.M_DIO_Void_SetPinValue
                0x000015e6      0x10a ./MCAL/DIO/DIO_Prog.o
                0x000015e6                M_DIO_Void_SetPinValue
 .text.M_DIO_Void_TogPin
                0x000016f0       0x80 ./MCAL/DIO/DIO_Prog.o
                0x000016f0                M_DIO_Void_TogPin
 .text.M_DIO_U8_GetPinValue
                0x00001770       0x56 ./MCAL/DIO/DIO_Prog.o
                0x00001770                M_DIO_U8_GetPinValue
 .text.M_DIO_Void_SetPinPullUpRes
                0x000017c6      0x10a ./MCAL/DIO/DIO_Prog.o
                0x000017c6                M_DIO_Void_SetPinPullUpRes
 .text.M_ADC_Void_ADCInit
                0x000018d0       0x12 ./MCAL/ADC/ADC_Prog.o
                0x000018d0                M_ADC_Void_ADCInit
 .text.M_ADC_U16_ADCRead
                0x000018e2       0x68 ./MCAL/ADC/ADC_Prog.o
                0x000018e2                M_ADC_U16_ADCRead
 .text.H_Servo_Void_ServoSetStop
                0x0000194a        0x8 ./HAL/Servo/Servo_Prog.o
                0x0000194a                H_Servo_Void_ServoSetStop
 .text.H_Servo_Void_ServoSetStart
                0x00001952        0x8 ./HAL/Servo/Servo_Prog.o
                0x00001952                H_Servo_Void_ServoSetStart
 .text.H_Servo_Void_ServoSetAngel
                0x0000195a       0x42 ./HAL/Servo/Servo_Prog.o
                0x0000195a                H_Servo_Void_ServoSetAngel
 .text.H_Servo_Void_ServoInit
                0x0000199c        0xe ./HAL/Servo/Servo_Prog.o
                0x0000199c                H_Servo_Void_ServoInit
 .text.H_SSD_Void_SSDDigitDisplay
                0x000019aa       0xe8 ./HAL/SSD/SSD_Prog.o
 .text.H_SSD_Void_SSDWriteNumber
                0x00001a92       0x76 ./HAL/SSD/SSD_Prog.o
                0x00001a92                H_SSD_Void_SSDWriteNumber
 .text.H_SSD_Void_SSDInit
                0x00001b08       0x32 ./HAL/SSD/SSD_Prog.o
                0x00001b08                H_SSD_Void_SSDInit
 .text.H_PB_U8_PBRead
                0x00001b3a       0xb0 ./HAL/PB/PB_Prog.o
                0x00001b3a                H_PB_U8_PBRead
 .text.H_PB_Void_PBInit
                0x00001bea       0x22 ./HAL/PB/PB_Prog.o
                0x00001bea                H_PB_Void_PBInit
 .text.H_LM35_Void_LM35Read
                0x00001c0c       0x2a ./HAL/LM35/LM35_Prog.o
                0x00001c0c                H_LM35_Void_LM35Read
 .text.H_LM35_Void_LM35Init
                0x00001c36        0x6 ./HAL/LM35/LM35_Prog.o
                0x00001c36                H_LM35_Void_LM35Init
 .text.H_LED_Void_LedTog
                0x00001c3c       0x40 ./HAL/LED/LED_Prog.o
                0x00001c3c                H_LED_Void_LedTog
 .text.H_LED_Void_LedSetOff
                0x00001c7c       0x44 ./HAL/LED/LED_Prog.o
                0x00001c7c                H_LED_Void_LedSetOff
 .text.H_LED_Void_LedSetOn
                0x00001cc0       0x44 ./HAL/LED/LED_Prog.o
                0x00001cc0                H_LED_Void_LedSetOn
 .text.H_LED_Void_LedInit
                0x00001d04       0x44 ./HAL/LED/LED_Prog.o
                0x00001d04                H_LED_Void_LedInit
 .text.H_LCD_Void_SetCallBack
                0x00001d48        0xa ./HAL/LCD/LCD_Prog.o
                0x00001d48                H_LCD_Void_SetCallBack
 .text.H_LCD_Void_SetLCDPins
                0x00001d52       0x38 ./HAL/LCD/LCD_Prog.o
 .text.H_LCD_Void_LCDWriteCommand
                0x00001d8a       0x64 ./HAL/LCD/LCD_Prog.o
                0x00001d8a                H_LCD_Void_LCDWriteCommand
 .text.H_LCD_Void_LCDClear
                0x00001dee        0x8 ./HAL/LCD/LCD_Prog.o
                0x00001dee                H_LCD_Void_LCDClear
 .text.H_LCD_Void_LCDGoTo
                0x00001df6       0x2a ./HAL/LCD/LCD_Prog.o
                0x00001df6                H_LCD_Void_LCDGoTo
 .text.H_LCD_Void_LCDWriteCharacter
                0x00001e20       0x64 ./HAL/LCD/LCD_Prog.o
                0x00001e20                H_LCD_Void_LCDWriteCharacter
 .text.H_LCD_Void_LCDWriteNumber
                0x00001e84       0xd6 ./HAL/LCD/LCD_Prog.o
                0x00001e84                H_LCD_Void_LCDWriteNumber
 .text.H_LCD_Void_LCDWriteString
                0x00001f5a       0x26 ./HAL/LCD/LCD_Prog.o
                0x00001f5a                H_LCD_Void_LCDWriteString
 .text.H_LCD_Void_LCDAccessDenied
                0x00001f80       0x28 ./HAL/LCD/LCD_Prog.o
                0x00001f80                H_LCD_Void_LCDAccessDenied
 .text.H_LCD_Void_LCDUserCheck
                0x00001fa8       0x7a ./HAL/LCD/LCD_Prog.o
                0x00001fa8                H_LCD_Void_LCDUserCheck
 .text.H_LCD_Void_LCDWelcome
                0x00002022      0x1b8 ./HAL/LCD/LCD_Prog.o
                0x00002022                H_LCD_Void_LCDWelcome
 .text.H_LCD_Void_LCDInit
                0x000021da       0x66 ./HAL/LCD/LCD_Prog.o
                0x000021da                H_LCD_Void_LCDInit
 .text.H_KeyPad_Void_SetCallBack
                0x00002240        0xa ./HAL/KeyPad/KeyPad_Prog.o
                0x00002240                H_KeyPad_Void_SetCallBack
 .text.H_KeyPad_U8_KeyPadRead
                0x0000224a       0xd8 ./HAL/KeyPad/KeyPad_Prog.o
                0x0000224a                H_KeyPad_U8_KeyPadRead
 .text.H_KeyPad_U8_KeyPadGetUser
                0x00002322      0x1be ./HAL/KeyPad/KeyPad_Prog.o
                0x00002322                H_KeyPad_U8_KeyPadGetUser
 .text.H_KeyPad_Void_KeyPadInit
                0x000024e0       0x82 ./HAL/KeyPad/KeyPad_Prog.o
                0x000024e0                H_KeyPad_Void_KeyPadInit
 .text.H_DCMotor_Void_DCMotorStop
                0x00002562        0x8 ./HAL/DCMotor/DCMotor_Prog.o
                0x00002562                H_DCMotor_Void_DCMotorStop
 .text.H_DCMotor_Void_DCMotorStart
                0x0000256a        0x8 ./HAL/DCMotor/DCMotor_Prog.o
                0x0000256a                H_DCMotor_Void_DCMotorStart
 .text.H_DCMotor_Void_DCMotorSetDirection
                0x00002572       0x2e ./HAL/DCMotor/DCMotor_Prog.o
                0x00002572                H_DCMotor_Void_DCMotorSetDirection
 .text.H_DCMotor_Void_DCMotorSetSpeed
                0x000025a0       0x10 ./HAL/DCMotor/DCMotor_Prog.o
                0x000025a0                H_DCMotor_Void_DCMotorSetSpeed
 .text.H_DCMotor_Void_DCMotorInit
                0x000025b0       0x18 ./HAL/DCMotor/DCMotor_Prog.o
                0x000025b0                H_DCMotor_Void_DCMotorInit
 .text.H_Buzzer_Void_BuzzerOnce
                0x000025c8       0x24 ./HAL/Buzzer/Buzzer_Prog.o
                0x000025c8                H_Buzzer_Void_BuzzerOnce
 .text.H_Buzzer_Void_BuzzerSetOff
                0x000025ec        0xa ./HAL/Buzzer/Buzzer_Prog.o
                0x000025ec                H_Buzzer_Void_BuzzerSetOff
 .text.H_Buzzer_Void_BuzzerSetOn
                0x000025f6        0xa ./HAL/Buzzer/Buzzer_Prog.o
                0x000025f6                H_Buzzer_Void_BuzzerSetOn
 .text.H_Buzzer_Void_BuzzerAlarm
                0x00002600       0x8e ./HAL/Buzzer/Buzzer_Prog.o
                0x00002600                H_Buzzer_Void_BuzzerAlarm
 .text.H_Buzzer_Void_BuzzerInit
                0x0000268e        0xa ./HAL/Buzzer/Buzzer_Prog.o
                0x0000268e                H_Buzzer_Void_BuzzerInit
 .text.H_AT24C16A_Void_EEPROMSequentialRead
                0x00002698       0x4c ./HAL/AT24C16A/AT24C16A_Prog.o
                0x00002698                H_AT24C16A_Void_EEPROMSequentialRead
 .text.H_AT24C16A_U8_EEPROMAdminCheck
                0x000026e4       0x50 ./HAL/AT24C16A/AT24C16A_Prog.o
                0x000026e4                H_AT24C16A_U8_EEPROMAdminCheck
 .text.H_AT24C16A_Void_EEPROMRead
                0x00002734       0x36 ./HAL/AT24C16A/AT24C16A_Prog.o
                0x00002734                H_AT24C16A_Void_EEPROMRead
 .text.H_AT24C16A_U8_EEPROMUserCheck
                0x0000276a       0x78 ./HAL/AT24C16A/AT24C16A_Prog.o
                0x0000276a                H_AT24C16A_U8_EEPROMUserCheck
 .text.H_AT24C16A_Void_EEPROMWrite
                0x000027e2       0x30 ./HAL/AT24C16A/AT24C16A_Prog.o
                0x000027e2                H_AT24C16A_Void_EEPROMWrite
 .text.H_AT24C16A_U8_EEPROMDeleteUser
                0x00002812       0x8c ./HAL/AT24C16A/AT24C16A_Prog.o
                0x00002812                H_AT24C16A_U8_EEPROMDeleteUser
 .text.H_AT24C16A_U8_EEPROMNewUser
                0x0000289e       0x8e ./HAL/AT24C16A/AT24C16A_Prog.o
                0x0000289e                H_AT24C16A_U8_EEPROMNewUser
 .text.H_AT24C16A_Void_EEPROMInit
                0x0000292c       0x18 ./HAL/AT24C16A/AT24C16A_Prog.o
                0x0000292c                H_AT24C16A_Void_EEPROMInit
 .text.A_EXT_INT0_Execution
                0x00002944        0xe ./APP/main.o
                0x00002944                A_EXT_INT0_Execution
 .text.A_Timer1_Execution
                0x00002952        0x8 ./APP/main.o
                0x00002952                A_Timer1_Execution
 .text.A_Timer0_Execution
                0x0000295a       0x42 ./APP/main.o
                0x0000295a                A_Timer0_Execution
 .text.A_KeyPad_Execution
                0x0000299c       0x2c ./APP/main.o
                0x0000299c                A_KeyPad_Execution
 .text.A_LCD_Execution
                0x000029c8       0x26 ./APP/main.o
                0x000029c8                A_LCD_Execution
 .text.A_UART_Void_UARTExecution
                0x000029ee      0x532 ./APP/main.o
                0x000029ee                A_UART_Void_UARTExecution
 .text.main     0x00002f20      0x15c ./APP/main.o
                0x00002f20                main
 .text.libgcc   0x0000307c       0x3e c:/program files/sdk_win_64/sdk_win_64/winavr/bin/../lib/gcc/avr/4.3.3/avr5\libgcc.a(_mulsi3.o)
                0x0000307c                __mulsi3
 .text.libgcc   0x000030ba       0x18 c:/program files/sdk_win_64/sdk_win_64/winavr/bin/../lib/gcc/avr/4.3.3/avr5\libgcc.a(_udivmodqi4.o)
                0x000030ba                __udivmodqi4
 .text.libgcc   0x000030d2       0x28 c:/program files/sdk_win_64/sdk_win_64/winavr/bin/../lib/gcc/avr/4.3.3/avr5\libgcc.a(_udivmodhi4.o)
                0x000030d2                __udivmodhi4
 .text.libgcc   0x000030fa       0x44 c:/program files/sdk_win_64/sdk_win_64/winavr/bin/../lib/gcc/avr/4.3.3/avr5\libgcc.a(_udivmodsi4.o)
                0x000030fa                __udivmodsi4
 .text.libgcc   0x0000313e       0x36 c:/program files/sdk_win_64/sdk_win_64/winavr/bin/../lib/gcc/avr/4.3.3/avr5\libgcc.a(_divmodsi4.o)
                0x0000313e                __divmodsi4
 .text.libgcc   0x00003174        0x0 c:/program files/sdk_win_64/sdk_win_64/winavr/bin/../lib/gcc/avr/4.3.3/avr5\libgcc.a(_exit.o)
 .text.libgcc   0x00003174        0x0 c:/program files/sdk_win_64/sdk_win_64/winavr/bin/../lib/gcc/avr/4.3.3/avr5\libgcc.a(_copy_data.o)
 .text.libgcc   0x00003174        0x0 c:/program files/sdk_win_64/sdk_win_64/winavr/bin/../lib/gcc/avr/4.3.3/avr5\libgcc.a(_clear_bss.o)
 .text.libgcc   0x00003174       0x38 c:/program files/sdk_win_64/sdk_win_64/winavr/bin/../lib/gcc/avr/4.3.3/avr5\libgcc.a(_prologue.o)
                0x00003174                __prologue_saves__
 .text.libgcc   0x000031ac       0x36 c:/program files/sdk_win_64/sdk_win_64/winavr/bin/../lib/gcc/avr/4.3.3/avr5\libgcc.a(_epilogue.o)
                0x000031ac                __epilogue_restores__
                0x000031e2                . = ALIGN (0x2)
 *(.fini9)
 .fini9         0x000031e2        0x0 c:/program files/sdk_win_64/sdk_win_64/winavr/bin/../lib/gcc/avr/4.3.3/avr5\libgcc.a(_exit.o)
                0x000031e2                exit
                0x000031e2                _exit
 *(.fini9)
 *(.fini8)
 *(.fini8)
 *(.fini7)
 *(.fini7)
 *(.fini6)
 *(.fini6)
 *(.fini5)
 *(.fini5)
 *(.fini4)
 *(.fini4)
 *(.fini3)
 *(.fini3)
 *(.fini2)
 *(.fini2)
 *(.fini1)
 *(.fini1)
 *(.fini0)
 .fini0         0x000031e2        0x4 c:/program files/sdk_win_64/sdk_win_64/winavr/bin/../lib/gcc/avr/4.3.3/avr5\libgcc.a(_exit.o)
 *(.fini0)
                0x000031e6                _etext = .

.data           0x00800060      0x2da load address 0x000031e6
                0x00800060                PROVIDE (__data_start, .)
 *(.data)
 .data          0x00800060        0x0 c:/program files/sdk_win_64/sdk_win_64/winavr/bin/../lib/gcc/avr/4.3.3/../../../../avr/lib/avr5/crtm32.o
 .data          0x00800060        0x0 ./MCAL/WDT/WDT_Prog.o
 .data          0x00800060        0x0 ./MCAL/UART/UART_Prog.o
 .data          0x00800060        0x0 ./MCAL/Timer/Timer_Prog.o
 .data          0x00800060        0x0 ./MCAL/SPI/SPI_Prog.o
 .data          0x00800060        0x0 ./MCAL/I2C/I2C_Prog.o
 .data          0x00800060        0x0 ./MCAL/GIE/GIE_Prog.o
 .data          0x00800060        0x0 ./MCAL/EXT_INT/EXT_INT_Prog.o
 .data          0x00800060        0x0 ./MCAL/DIO/DIO_Prog.o
 .data          0x00800060        0x0 ./MCAL/ADC/ADC_Prog.o
 .data          0x00800060        0x0 ./HAL/Servo/Servo_Prog.o
 .data          0x00800060        0x0 ./HAL/SSD/SSD_Prog.o
 .data          0x00800060        0x0 ./HAL/PB/PB_Prog.o
 .data          0x00800060        0x0 ./HAL/LM35/LM35_Prog.o
 .data          0x00800060        0x0 ./HAL/LED/LED_Prog.o
 .data          0x00800060       0xb0 ./HAL/LCD/LCD_Prog.o
 .data          0x00800110       0x15 ./HAL/KeyPad/KeyPad_Prog.o
 .data          0x00800125        0x0 ./HAL/DCMotor/DCMotor_Prog.o
 .data          0x00800125        0x0 ./HAL/Buzzer/Buzzer_Prog.o
 .data          0x00800125        0x0 ./HAL/AT24C16A/AT24C16A_Prog.o
 .data          0x00800125       0xfd ./APP/main.o
 .data          0x00800222        0x0 c:/program files/sdk_win_64/sdk_win_64/winavr/bin/../lib/gcc/avr/4.3.3/avr5\libgcc.a(_mulsi3.o)
 .data          0x00800222        0x0 c:/program files/sdk_win_64/sdk_win_64/winavr/bin/../lib/gcc/avr/4.3.3/avr5\libgcc.a(_udivmodqi4.o)
 .data          0x00800222        0x0 c:/program files/sdk_win_64/sdk_win_64/winavr/bin/../lib/gcc/avr/4.3.3/avr5\libgcc.a(_udivmodhi4.o)
 .data          0x00800222        0x0 c:/program files/sdk_win_64/sdk_win_64/winavr/bin/../lib/gcc/avr/4.3.3/avr5\libgcc.a(_udivmodsi4.o)
 .data          0x00800222        0x0 c:/program files/sdk_win_64/sdk_win_64/winavr/bin/../lib/gcc/avr/4.3.3/avr5\libgcc.a(_divmodsi4.o)
 .data          0x00800222        0x0 c:/program files/sdk_win_64/sdk_win_64/winavr/bin/../lib/gcc/avr/4.3.3/avr5\libgcc.a(_exit.o)
 .data          0x00800222        0x0 c:/program files/sdk_win_64/sdk_win_64/winavr/bin/../lib/gcc/avr/4.3.3/avr5\libgcc.a(_copy_data.o)
 .data          0x00800222        0x0 c:/program files/sdk_win_64/sdk_win_64/winavr/bin/../lib/gcc/avr/4.3.3/avr5\libgcc.a(_clear_bss.o)
 .data          0x00800222        0x0 c:/program files/sdk_win_64/sdk_win_64/winavr/bin/../lib/gcc/avr/4.3.3/avr5\libgcc.a(_fixunssfsi.o)
 .data          0x00800222        0x0 c:/program files/sdk_win_64/sdk_win_64/winavr/bin/../lib/gcc/avr/4.3.3/avr5\libgcc.a(_addsub_sf.o)
 .data          0x00800222        0x0 c:/program files/sdk_win_64/sdk_win_64/winavr/bin/../lib/gcc/avr/4.3.3/avr5\libgcc.a(_mul_sf.o)
 .data          0x00800222        0x0 c:/program files/sdk_win_64/sdk_win_64/winavr/bin/../lib/gcc/avr/4.3.3/avr5\libgcc.a(_div_sf.o)
 .data          0x00800222        0x0 c:/program files/sdk_win_64/sdk_win_64/winavr/bin/../lib/gcc/avr/4.3.3/avr5\libgcc.a(_eq_sf.o)
 .data          0x00800222        0x0 c:/program files/sdk_win_64/sdk_win_64/winavr/bin/../lib/gcc/avr/4.3.3/avr5\libgcc.a(_ge_sf.o)
 .data          0x00800222        0x0 c:/program files/sdk_win_64/sdk_win_64/winavr/bin/../lib/gcc/avr/4.3.3/avr5\libgcc.a(_si_to_sf.o)
 .data          0x00800222        0x0 c:/program files/sdk_win_64/sdk_win_64/winavr/bin/../lib/gcc/avr/4.3.3/avr5\libgcc.a(_sf_to_si.o)
 .data          0x00800222        0x8 c:/program files/sdk_win_64/sdk_win_64/winavr/bin/../lib/gcc/avr/4.3.3/avr5\libgcc.a(_thenan_sf.o)
                0x00800222                __thenan_sf
 .data          0x0080022a        0x0 c:/program files/sdk_win_64/sdk_win_64/winavr/bin/../lib/gcc/avr/4.3.3/avr5\libgcc.a(_usi_to_sf.o)
 .data          0x0080022a        0x0 c:/program files/sdk_win_64/sdk_win_64/winavr/bin/../lib/gcc/avr/4.3.3/avr5\libgcc.a(_prologue.o)
 .data          0x0080022a        0x0 c:/program files/sdk_win_64/sdk_win_64/winavr/bin/../lib/gcc/avr/4.3.3/avr5\libgcc.a(_epilogue.o)
 .data          0x0080022a        0x0 c:/program files/sdk_win_64/sdk_win_64/winavr/bin/../lib/gcc/avr/4.3.3/avr5\libgcc.a(_clzsi2.o)
 .data          0x0080022a        0x0 c:/program files/sdk_win_64/sdk_win_64/winavr/bin/../lib/gcc/avr/4.3.3/avr5\libgcc.a(_pack_sf.o)
 .data          0x0080022a        0x0 c:/program files/sdk_win_64/sdk_win_64/winavr/bin/../lib/gcc/avr/4.3.3/avr5\libgcc.a(_unpack_sf.o)
 .data          0x0080022a        0x0 c:/program files/sdk_win_64/sdk_win_64/winavr/bin/../lib/gcc/avr/4.3.3/avr5\libgcc.a(_fpcmp_parts_sf.o)
 .data          0x0080022a      0x100 c:/program files/sdk_win_64/sdk_win_64/winavr/bin/../lib/gcc/avr/4.3.3/avr5\libgcc.a(_clz.o)
                0x0080022a                __clz_tab
 *(.data*)
 *(.rodata)
 *(.rodata*)
 .rodata.C.0.1289
                0x0080032a       0x10 ./HAL/KeyPad/KeyPad_Prog.o
 *(.gnu.linkonce.d*)
                0x0080033a                . = ALIGN (0x2)
                0x0080033a                _edata = .
                0x0080033a                PROVIDE (__data_end, .)

.bss            0x0080033a       0x36
                0x0080033a                PROVIDE (__bss_start, .)
 *(.bss)
 .bss           0x0080033a        0x0 c:/program files/sdk_win_64/sdk_win_64/winavr/bin/../lib/gcc/avr/4.3.3/../../../../avr/lib/avr5/crtm32.o
 .bss           0x0080033a        0x0 ./MCAL/WDT/WDT_Prog.o
 .bss           0x0080033a        0x0 ./MCAL/UART/UART_Prog.o
 .bss           0x0080033a        0x0 ./MCAL/Timer/Timer_Prog.o
 .bss           0x0080033a        0x0 ./MCAL/SPI/SPI_Prog.o
 .bss           0x0080033a        0x0 ./MCAL/I2C/I2C_Prog.o
 .bss           0x0080033a        0x0 ./MCAL/GIE/GIE_Prog.o
 .bss           0x0080033a        0x0 ./MCAL/EXT_INT/EXT_INT_Prog.o
 .bss           0x0080033a        0x0 ./MCAL/DIO/DIO_Prog.o
 .bss           0x0080033a        0x0 ./MCAL/ADC/ADC_Prog.o
 .bss           0x0080033a        0x0 ./HAL/Servo/Servo_Prog.o
 .bss           0x0080033a        0x0 ./HAL/SSD/SSD_Prog.o
 .bss           0x0080033a        0x0 ./HAL/PB/PB_Prog.o
 .bss           0x0080033a        0x0 ./HAL/LM35/LM35_Prog.o
 .bss           0x0080033a        0x0 ./HAL/LED/LED_Prog.o
 .bss           0x0080033a        0x0 ./HAL/LCD/LCD_Prog.o
 .bss           0x0080033a        0x0 ./HAL/KeyPad/KeyPad_Prog.o
 .bss           0x0080033a        0x0 ./HAL/DCMotor/DCMotor_Prog.o
 .bss           0x0080033a        0x0 ./HAL/Buzzer/Buzzer_Prog.o
 .bss           0x0080033a        0x0 ./HAL/AT24C16A/AT24C16A_Prog.o
 .bss           0x0080033a        0x0 ./APP/main.o
 .bss           0x0080033a        0x0 c:/program files/sdk_win_64/sdk_win_64/winavr/bin/../lib/gcc/avr/4.3.3/avr5\libgcc.a(_mulsi3.o)
 .bss           0x0080033a        0x0 c:/program files/sdk_win_64/sdk_win_64/winavr/bin/../lib/gcc/avr/4.3.3/avr5\libgcc.a(_udivmodqi4.o)
 .bss           0x0080033a        0x0 c:/program files/sdk_win_64/sdk_win_64/winavr/bin/../lib/gcc/avr/4.3.3/avr5\libgcc.a(_udivmodhi4.o)
 .bss           0x0080033a        0x0 c:/program files/sdk_win_64/sdk_win_64/winavr/bin/../lib/gcc/avr/4.3.3/avr5\libgcc.a(_udivmodsi4.o)
 .bss           0x0080033a        0x0 c:/program files/sdk_win_64/sdk_win_64/winavr/bin/../lib/gcc/avr/4.3.3/avr5\libgcc.a(_divmodsi4.o)
 .bss           0x0080033a        0x0 c:/program files/sdk_win_64/sdk_win_64/winavr/bin/../lib/gcc/avr/4.3.3/avr5\libgcc.a(_exit.o)
 .bss           0x0080033a        0x0 c:/program files/sdk_win_64/sdk_win_64/winavr/bin/../lib/gcc/avr/4.3.3/avr5\libgcc.a(_copy_data.o)
 .bss           0x0080033a        0x0 c:/program files/sdk_win_64/sdk_win_64/winavr/bin/../lib/gcc/avr/4.3.3/avr5\libgcc.a(_clear_bss.o)
 .bss           0x0080033a        0x0 c:/program files/sdk_win_64/sdk_win_64/winavr/bin/../lib/gcc/avr/4.3.3/avr5\libgcc.a(_fixunssfsi.o)
 .bss           0x0080033a        0x0 c:/program files/sdk_win_64/sdk_win_64/winavr/bin/../lib/gcc/avr/4.3.3/avr5\libgcc.a(_addsub_sf.o)
 .bss           0x0080033a        0x0 c:/program files/sdk_win_64/sdk_win_64/winavr/bin/../lib/gcc/avr/4.3.3/avr5\libgcc.a(_mul_sf.o)
 .bss           0x0080033a        0x0 c:/program files/sdk_win_64/sdk_win_64/winavr/bin/../lib/gcc/avr/4.3.3/avr5\libgcc.a(_div_sf.o)
 .bss           0x0080033a        0x0 c:/program files/sdk_win_64/sdk_win_64/winavr/bin/../lib/gcc/avr/4.3.3/avr5\libgcc.a(_eq_sf.o)
 .bss           0x0080033a        0x0 c:/program files/sdk_win_64/sdk_win_64/winavr/bin/../lib/gcc/avr/4.3.3/avr5\libgcc.a(_ge_sf.o)
 .bss           0x0080033a        0x0 c:/program files/sdk_win_64/sdk_win_64/winavr/bin/../lib/gcc/avr/4.3.3/avr5\libgcc.a(_si_to_sf.o)
 .bss           0x0080033a        0x0 c:/program files/sdk_win_64/sdk_win_64/winavr/bin/../lib/gcc/avr/4.3.3/avr5\libgcc.a(_sf_to_si.o)
 .bss           0x0080033a        0x0 c:/program files/sdk_win_64/sdk_win_64/winavr/bin/../lib/gcc/avr/4.3.3/avr5\libgcc.a(_thenan_sf.o)
 .bss           0x0080033a        0x0 c:/program files/sdk_win_64/sdk_win_64/winavr/bin/../lib/gcc/avr/4.3.3/avr5\libgcc.a(_usi_to_sf.o)
 .bss           0x0080033a        0x0 c:/program files/sdk_win_64/sdk_win_64/winavr/bin/../lib/gcc/avr/4.3.3/avr5\libgcc.a(_prologue.o)
 .bss           0x0080033a        0x0 c:/program files/sdk_win_64/sdk_win_64/winavr/bin/../lib/gcc/avr/4.3.3/avr5\libgcc.a(_epilogue.o)
 .bss           0x0080033a        0x0 c:/program files/sdk_win_64/sdk_win_64/winavr/bin/../lib/gcc/avr/4.3.3/avr5\libgcc.a(_clzsi2.o)
 .bss           0x0080033a        0x0 c:/program files/sdk_win_64/sdk_win_64/winavr/bin/../lib/gcc/avr/4.3.3/avr5\libgcc.a(_pack_sf.o)
 .bss           0x0080033a        0x0 c:/program files/sdk_win_64/sdk_win_64/winavr/bin/../lib/gcc/avr/4.3.3/avr5\libgcc.a(_unpack_sf.o)
 .bss           0x0080033a        0x0 c:/program files/sdk_win_64/sdk_win_64/winavr/bin/../lib/gcc/avr/4.3.3/avr5\libgcc.a(_fpcmp_parts_sf.o)
 .bss           0x0080033a        0x0 c:/program files/sdk_win_64/sdk_win_64/winavr/bin/../lib/gcc/avr/4.3.3/avr5\libgcc.a(_clz.o)
 *(.bss*)
 .bss.Timer_U32_NumOfOverFlows
                0x0080033a        0x4 ./MCAL/Timer/Timer_Prog.o
                0x0080033a                Timer_U32_NumOfOverFlows
 .bss.Timer_U8_RemTicks
                0x0080033e        0x1 ./MCAL/Timer/Timer_Prog.o
                0x0080033e                Timer_U8_RemTicks
 .bss.Timer_U32_NumOfCompareMatch
                0x0080033f        0x4 ./MCAL/Timer/Timer_Prog.o
                0x0080033f                Timer_U32_NumOfCompareMatch
 .bss.Local_U32_Counter.1457
                0x00800343        0x4 ./MCAL/Timer/Timer_Prog.o
 .bss.Local_U8_ArrUser.1300
                0x00800347        0x8 ./HAL/KeyPad/KeyPad_Prog.o
 .bss.Local_U8_Reading.1350
                0x0080034f        0x8 ./HAL/AT24C16A/AT24C16A_Prog.o
 .bss.Global_A_U8_Status
                0x00800357        0x1 ./APP/main.o
                0x00800357                Global_A_U8_Status
 .bss.Global_U8_Trials
                0x00800358        0x1 ./APP/main.o
                0x00800358                Global_U8_Trials
 .bss.Global_U8_UARTOut
                0x00800359        0x1 ./APP/main.o
                0x00800359                Global_U8_UARTOut
 .bss.Global_U8_AdminEnable
                0x0080035a        0x1 ./APP/main.o
                0x0080035a                Global_U8_AdminEnable
 .bss.Global_U8_DoorState
                0x0080035b        0x1 ./APP/main.o
                0x0080035b                Global_U8_DoorState
 .bss.Global_U8_DimLED
                0x0080035c        0x1 ./APP/main.o
                0x0080035c                Global_U8_DimLED
 .bss.Global_A_U8_UARTINT
                0x0080035d        0x1 ./APP/main.o
 *(COMMON)
 COMMON         0x0080035e        0x2 ./MCAL/UART/UART_Prog.o
                0x0080035e                UART_CallBack
 COMMON         0x00800360        0x6 ./MCAL/Timer/Timer_Prog.o
                0x00800360                Timer2_CallBack
                0x00800362                Timer1_CallBack
                0x00800364                Timer0_CallBack
 COMMON         0x00800366        0x2 ./MCAL/EXT_INT/EXT_INT_Prog.o
                0x00800366                EXT_INT_CallBack
 COMMON         0x00800368        0x2 ./HAL/LCD/LCD_Prog.o
                0x00800368                LCD_CallBack
 COMMON         0x0080036a        0x2 ./HAL/KeyPad/KeyPad_Prog.o
                0x0080036a                KeyPad_CallBack
 COMMON         0x0080036c        0x4 ./APP/main.o
                0x0080036c                Global_A_U32_Timer_s
                0x00800370                PROVIDE (__bss_end, .)
                0x000031e6                __data_load_start = LOADADDR (.data)
                0x000034c0                __data_load_end = (__data_load_start + SIZEOF (.data))

.noinit         0x00800370        0x0
                0x00800370                PROVIDE (__noinit_start, .)
 *(.noinit*)
                0x00800370                PROVIDE (__noinit_end, .)
                0x00800370                _end = .
                0x00800370                PROVIDE (__heap_start, .)

.eeprom         0x00810000        0x0
 *(.eeprom*)
                0x00810000                __eeprom_end = .

.fuse
 *(.fuse)
 *(.lfuse)
 *(.hfuse)
 *(.efuse)

.lock
 *(.lock*)

.signature
 *(.signature*)

.stab
 *(.stab)

.stabstr
 *(.stabstr)

.stab.excl
 *(.stab.excl)

.stab.exclstr
 *(.stab.exclstr)

.stab.index
 *(.stab.index)

.stab.indexstr
 *(.stab.indexstr)

.comment
 *(.comment)

.debug
 *(.debug)

.line
 *(.line)

.debug_srcinfo
 *(.debug_srcinfo)

.debug_sfnames
 *(.debug_sfnames)

.debug_aranges  0x00000000      0x1a0
 *(.debug_aranges)
 .debug_aranges
                0x00000000       0x20 c:/program files/sdk_win_64/sdk_win_64/winavr/bin/../lib/gcc/avr/4.3.3/avr5\libgcc.a(_fixunssfsi.o)
 .debug_aranges
                0x00000020       0x20 c:/program files/sdk_win_64/sdk_win_64/winavr/bin/../lib/gcc/avr/4.3.3/avr5\libgcc.a(_addsub_sf.o)
 .debug_aranges
                0x00000040       0x20 c:/program files/sdk_win_64/sdk_win_64/winavr/bin/../lib/gcc/avr/4.3.3/avr5\libgcc.a(_mul_sf.o)
 .debug_aranges
                0x00000060       0x20 c:/program files/sdk_win_64/sdk_win_64/winavr/bin/../lib/gcc/avr/4.3.3/avr5\libgcc.a(_div_sf.o)
 .debug_aranges
                0x00000080       0x20 c:/program files/sdk_win_64/sdk_win_64/winavr/bin/../lib/gcc/avr/4.3.3/avr5\libgcc.a(_eq_sf.o)
 .debug_aranges
                0x000000a0       0x20 c:/program files/sdk_win_64/sdk_win_64/winavr/bin/../lib/gcc/avr/4.3.3/avr5\libgcc.a(_ge_sf.o)
 .debug_aranges
                0x000000c0       0x20 c:/program files/sdk_win_64/sdk_win_64/winavr/bin/../lib/gcc/avr/4.3.3/avr5\libgcc.a(_si_to_sf.o)
 .debug_aranges
                0x000000e0       0x20 c:/program files/sdk_win_64/sdk_win_64/winavr/bin/../lib/gcc/avr/4.3.3/avr5\libgcc.a(_sf_to_si.o)
 .debug_aranges
                0x00000100       0x20 c:/program files/sdk_win_64/sdk_win_64/winavr/bin/../lib/gcc/avr/4.3.3/avr5\libgcc.a(_usi_to_sf.o)
 .debug_aranges
                0x00000120       0x20 c:/program files/sdk_win_64/sdk_win_64/winavr/bin/../lib/gcc/avr/4.3.3/avr5\libgcc.a(_clzsi2.o)
 .debug_aranges
                0x00000140       0x20 c:/program files/sdk_win_64/sdk_win_64/winavr/bin/../lib/gcc/avr/4.3.3/avr5\libgcc.a(_pack_sf.o)
 .debug_aranges
                0x00000160       0x20 c:/program files/sdk_win_64/sdk_win_64/winavr/bin/../lib/gcc/avr/4.3.3/avr5\libgcc.a(_unpack_sf.o)
 .debug_aranges
                0x00000180       0x20 c:/program files/sdk_win_64/sdk_win_64/winavr/bin/../lib/gcc/avr/4.3.3/avr5\libgcc.a(_fpcmp_parts_sf.o)

.debug_pubnames
                0x00000000      0x1f6
 *(.debug_pubnames)
 .debug_pubnames
                0x00000000       0x23 c:/program files/sdk_win_64/sdk_win_64/winavr/bin/../lib/gcc/avr/4.3.3/avr5\libgcc.a(_fixunssfsi.o)
 .debug_pubnames
                0x00000023       0x2c c:/program files/sdk_win_64/sdk_win_64/winavr/bin/../lib/gcc/avr/4.3.3/avr5\libgcc.a(_addsub_sf.o)
 .debug_pubnames
                0x0000004f       0x1f c:/program files/sdk_win_64/sdk_win_64/winavr/bin/../lib/gcc/avr/4.3.3/avr5\libgcc.a(_mul_sf.o)
 .debug_pubnames
                0x0000006e       0x1f c:/program files/sdk_win_64/sdk_win_64/winavr/bin/../lib/gcc/avr/4.3.3/avr5\libgcc.a(_div_sf.o)
 .debug_pubnames
                0x0000008d       0x1e c:/program files/sdk_win_64/sdk_win_64/winavr/bin/../lib/gcc/avr/4.3.3/avr5\libgcc.a(_eq_sf.o)
 .debug_pubnames
                0x000000ab       0x1e c:/program files/sdk_win_64/sdk_win_64/winavr/bin/../lib/gcc/avr/4.3.3/avr5\libgcc.a(_ge_sf.o)
 .debug_pubnames
                0x000000c9       0x22 c:/program files/sdk_win_64/sdk_win_64/winavr/bin/../lib/gcc/avr/4.3.3/avr5\libgcc.a(_si_to_sf.o)
 .debug_pubnames
                0x000000eb       0x20 c:/program files/sdk_win_64/sdk_win_64/winavr/bin/../lib/gcc/avr/4.3.3/avr5\libgcc.a(_sf_to_si.o)
 .debug_pubnames
                0x0000010b       0x22 c:/program files/sdk_win_64/sdk_win_64/winavr/bin/../lib/gcc/avr/4.3.3/avr5\libgcc.a(_thenan_sf.o)
 .debug_pubnames
                0x0000012d       0x24 c:/program files/sdk_win_64/sdk_win_64/winavr/bin/../lib/gcc/avr/4.3.3/avr5\libgcc.a(_usi_to_sf.o)
 .debug_pubnames
                0x00000151       0x1f c:/program files/sdk_win_64/sdk_win_64/winavr/bin/../lib/gcc/avr/4.3.3/avr5\libgcc.a(_clzsi2.o)
 .debug_pubnames
                0x00000170       0x1f c:/program files/sdk_win_64/sdk_win_64/winavr/bin/../lib/gcc/avr/4.3.3/avr5\libgcc.a(_pack_sf.o)
 .debug_pubnames
                0x0000018f       0x21 c:/program files/sdk_win_64/sdk_win_64/winavr/bin/../lib/gcc/avr/4.3.3/avr5\libgcc.a(_unpack_sf.o)
 .debug_pubnames
                0x000001b0       0x26 c:/program files/sdk_win_64/sdk_win_64/winavr/bin/../lib/gcc/avr/4.3.3/avr5\libgcc.a(_fpcmp_parts_sf.o)
 .debug_pubnames
                0x000001d6       0x20 c:/program files/sdk_win_64/sdk_win_64/winavr/bin/../lib/gcc/avr/4.3.3/avr5\libgcc.a(_clz.o)

.debug_info     0x00000000     0x2393
 *(.debug_info)
 .debug_info    0x00000000       0xb1 c:/program files/sdk_win_64/sdk_win_64/winavr/bin/../lib/gcc/avr/4.3.3/avr5\libgcc.a(_fixunssfsi.o)
 .debug_info    0x000000b1      0x47a c:/program files/sdk_win_64/sdk_win_64/winavr/bin/../lib/gcc/avr/4.3.3/avr5\libgcc.a(_addsub_sf.o)
 .debug_info    0x0000052b      0x485 c:/program files/sdk_win_64/sdk_win_64/winavr/bin/../lib/gcc/avr/4.3.3/avr5\libgcc.a(_mul_sf.o)
 .debug_info    0x000009b0      0x3fc c:/program files/sdk_win_64/sdk_win_64/winavr/bin/../lib/gcc/avr/4.3.3/avr5\libgcc.a(_div_sf.o)
 .debug_info    0x00000dac      0x27f c:/program files/sdk_win_64/sdk_win_64/winavr/bin/../lib/gcc/avr/4.3.3/avr5\libgcc.a(_eq_sf.o)
 .debug_info    0x0000102b      0x27f c:/program files/sdk_win_64/sdk_win_64/winavr/bin/../lib/gcc/avr/4.3.3/avr5\libgcc.a(_ge_sf.o)
 .debug_info    0x000012aa      0x207 c:/program files/sdk_win_64/sdk_win_64/winavr/bin/../lib/gcc/avr/4.3.3/avr5\libgcc.a(_si_to_sf.o)
 .debug_info    0x000014b1      0x2b0 c:/program files/sdk_win_64/sdk_win_64/winavr/bin/../lib/gcc/avr/4.3.3/avr5\libgcc.a(_sf_to_si.o)
 .debug_info    0x00001761      0x12c c:/program files/sdk_win_64/sdk_win_64/winavr/bin/../lib/gcc/avr/4.3.3/avr5\libgcc.a(_thenan_sf.o)
 .debug_info    0x0000188d      0x206 c:/program files/sdk_win_64/sdk_win_64/winavr/bin/../lib/gcc/avr/4.3.3/avr5\libgcc.a(_usi_to_sf.o)
 .debug_info    0x00001a93      0x117 c:/program files/sdk_win_64/sdk_win_64/winavr/bin/../lib/gcc/avr/4.3.3/avr5\libgcc.a(_clzsi2.o)
 .debug_info    0x00001baa      0x2df c:/program files/sdk_win_64/sdk_win_64/winavr/bin/../lib/gcc/avr/4.3.3/avr5\libgcc.a(_pack_sf.o)
 .debug_info    0x00001e89      0x251 c:/program files/sdk_win_64/sdk_win_64/winavr/bin/../lib/gcc/avr/4.3.3/avr5\libgcc.a(_unpack_sf.o)
 .debug_info    0x000020da      0x210 c:/program files/sdk_win_64/sdk_win_64/winavr/bin/../lib/gcc/avr/4.3.3/avr5\libgcc.a(_fpcmp_parts_sf.o)
 .debug_info    0x000022ea       0xa9 c:/program files/sdk_win_64/sdk_win_64/winavr/bin/../lib/gcc/avr/4.3.3/avr5\libgcc.a(_clz.o)
 *(.gnu.linkonce.wi.*)

.debug_abbrev   0x00000000     0x1374
 *(.debug_abbrev)
 .debug_abbrev  0x00000000       0x5d c:/program files/sdk_win_64/sdk_win_64/winavr/bin/../lib/gcc/avr/4.3.3/avr5\libgcc.a(_fixunssfsi.o)
 .debug_abbrev  0x0000005d      0x1ea c:/program files/sdk_win_64/sdk_win_64/winavr/bin/../lib/gcc/avr/4.3.3/avr5\libgcc.a(_addsub_sf.o)
 .debug_abbrev  0x00000247      0x21b c:/program files/sdk_win_64/sdk_win_64/winavr/bin/../lib/gcc/avr/4.3.3/avr5\libgcc.a(_mul_sf.o)
 .debug_abbrev  0x00000462      0x216 c:/program files/sdk_win_64/sdk_win_64/winavr/bin/../lib/gcc/avr/4.3.3/avr5\libgcc.a(_div_sf.o)
 .debug_abbrev  0x00000678      0x15a c:/program files/sdk_win_64/sdk_win_64/winavr/bin/../lib/gcc/avr/4.3.3/avr5\libgcc.a(_eq_sf.o)
 .debug_abbrev  0x000007d2      0x15a c:/program files/sdk_win_64/sdk_win_64/winavr/bin/../lib/gcc/avr/4.3.3/avr5\libgcc.a(_ge_sf.o)
 .debug_abbrev  0x0000092c      0x148 c:/program files/sdk_win_64/sdk_win_64/winavr/bin/../lib/gcc/avr/4.3.3/avr5\libgcc.a(_si_to_sf.o)
 .debug_abbrev  0x00000a74      0x17f c:/program files/sdk_win_64/sdk_win_64/winavr/bin/../lib/gcc/avr/4.3.3/avr5\libgcc.a(_sf_to_si.o)
 .debug_abbrev  0x00000bf3       0xad c:/program files/sdk_win_64/sdk_win_64/winavr/bin/../lib/gcc/avr/4.3.3/avr5\libgcc.a(_thenan_sf.o)
 .debug_abbrev  0x00000ca0      0x157 c:/program files/sdk_win_64/sdk_win_64/winavr/bin/../lib/gcc/avr/4.3.3/avr5\libgcc.a(_usi_to_sf.o)
 .debug_abbrev  0x00000df7       0xc4 c:/program files/sdk_win_64/sdk_win_64/winavr/bin/../lib/gcc/avr/4.3.3/avr5\libgcc.a(_clzsi2.o)
 .debug_abbrev  0x00000ebb      0x1c0 c:/program files/sdk_win_64/sdk_win_64/winavr/bin/../lib/gcc/avr/4.3.3/avr5\libgcc.a(_pack_sf.o)
 .debug_abbrev  0x0000107b      0x154 c:/program files/sdk_win_64/sdk_win_64/winavr/bin/../lib/gcc/avr/4.3.3/avr5\libgcc.a(_unpack_sf.o)
 .debug_abbrev  0x000011cf      0x13b c:/program files/sdk_win_64/sdk_win_64/winavr/bin/../lib/gcc/avr/4.3.3/avr5\libgcc.a(_fpcmp_parts_sf.o)
 .debug_abbrev  0x0000130a       0x6a c:/program files/sdk_win_64/sdk_win_64/winavr/bin/../lib/gcc/avr/4.3.3/avr5\libgcc.a(_clz.o)

.debug_line     0x00000000     0x1238
 *(.debug_line)
 .debug_line    0x00000000       0xa7 c:/program files/sdk_win_64/sdk_win_64/winavr/bin/../lib/gcc/avr/4.3.3/avr5\libgcc.a(_fixunssfsi.o)
 .debug_line    0x000000a7      0x2af c:/program files/sdk_win_64/sdk_win_64/winavr/bin/../lib/gcc/avr/4.3.3/avr5\libgcc.a(_addsub_sf.o)
 .debug_line    0x00000356      0x239 c:/program files/sdk_win_64/sdk_win_64/winavr/bin/../lib/gcc/avr/4.3.3/avr5\libgcc.a(_mul_sf.o)
 .debug_line    0x0000058f      0x1d5 c:/program files/sdk_win_64/sdk_win_64/winavr/bin/../lib/gcc/avr/4.3.3/avr5\libgcc.a(_div_sf.o)
 .debug_line    0x00000764       0xd3 c:/program files/sdk_win_64/sdk_win_64/winavr/bin/../lib/gcc/avr/4.3.3/avr5\libgcc.a(_eq_sf.o)
 .debug_line    0x00000837       0xd3 c:/program files/sdk_win_64/sdk_win_64/winavr/bin/../lib/gcc/avr/4.3.3/avr5\libgcc.a(_ge_sf.o)
 .debug_line    0x0000090a      0x135 c:/program files/sdk_win_64/sdk_win_64/winavr/bin/../lib/gcc/avr/4.3.3/avr5\libgcc.a(_si_to_sf.o)
 .debug_line    0x00000a3f      0x109 c:/program files/sdk_win_64/sdk_win_64/winavr/bin/../lib/gcc/avr/4.3.3/avr5\libgcc.a(_sf_to_si.o)
 .debug_line    0x00000b48       0x90 c:/program files/sdk_win_64/sdk_win_64/winavr/bin/../lib/gcc/avr/4.3.3/avr5\libgcc.a(_thenan_sf.o)
 .debug_line    0x00000bd8      0x133 c:/program files/sdk_win_64/sdk_win_64/winavr/bin/../lib/gcc/avr/4.3.3/avr5\libgcc.a(_usi_to_sf.o)
 .debug_line    0x00000d0b       0xa5 c:/program files/sdk_win_64/sdk_win_64/winavr/bin/../lib/gcc/avr/4.3.3/avr5\libgcc.a(_clzsi2.o)
 .debug_line    0x00000db0      0x18a c:/program files/sdk_win_64/sdk_win_64/winavr/bin/../lib/gcc/avr/4.3.3/avr5\libgcc.a(_pack_sf.o)
 .debug_line    0x00000f3a      0x14b c:/program files/sdk_win_64/sdk_win_64/winavr/bin/../lib/gcc/avr/4.3.3/avr5\libgcc.a(_unpack_sf.o)
 .debug_line    0x00001085      0x137 c:/program files/sdk_win_64/sdk_win_64/winavr/bin/../lib/gcc/avr/4.3.3/avr5\libgcc.a(_fpcmp_parts_sf.o)
 .debug_line    0x000011bc       0x7c c:/program files/sdk_win_64/sdk_win_64/winavr/bin/../lib/gcc/avr/4.3.3/avr5\libgcc.a(_clz.o)

.debug_frame    0x00000000      0x1c0
 *(.debug_frame)
 .debug_frame   0x00000000       0x20 c:/program files/sdk_win_64/sdk_win_64/winavr/bin/../lib/gcc/avr/4.3.3/avr5\libgcc.a(_fixunssfsi.o)
 .debug_frame   0x00000020       0x40 c:/program files/sdk_win_64/sdk_win_64/winavr/bin/../lib/gcc/avr/4.3.3/avr5\libgcc.a(_addsub_sf.o)
 .debug_frame   0x00000060       0x20 c:/program files/sdk_win_64/sdk_win_64/winavr/bin/../lib/gcc/avr/4.3.3/avr5\libgcc.a(_mul_sf.o)
 .debug_frame   0x00000080       0x20 c:/program files/sdk_win_64/sdk_win_64/winavr/bin/../lib/gcc/avr/4.3.3/avr5\libgcc.a(_div_sf.o)
 .debug_frame   0x000000a0       0x20 c:/program files/sdk_win_64/sdk_win_64/winavr/bin/../lib/gcc/avr/4.3.3/avr5\libgcc.a(_eq_sf.o)
 .debug_frame   0x000000c0       0x20 c:/program files/sdk_win_64/sdk_win_64/winavr/bin/../lib/gcc/avr/4.3.3/avr5\libgcc.a(_ge_sf.o)
 .debug_frame   0x000000e0       0x20 c:/program files/sdk_win_64/sdk_win_64/winavr/bin/../lib/gcc/avr/4.3.3/avr5\libgcc.a(_si_to_sf.o)
 .debug_frame   0x00000100       0x20 c:/program files/sdk_win_64/sdk_win_64/winavr/bin/../lib/gcc/avr/4.3.3/avr5\libgcc.a(_sf_to_si.o)
 .debug_frame   0x00000120       0x20 c:/program files/sdk_win_64/sdk_win_64/winavr/bin/../lib/gcc/avr/4.3.3/avr5\libgcc.a(_usi_to_sf.o)
 .debug_frame   0x00000140       0x20 c:/program files/sdk_win_64/sdk_win_64/winavr/bin/../lib/gcc/avr/4.3.3/avr5\libgcc.a(_clzsi2.o)
 .debug_frame   0x00000160       0x20 c:/program files/sdk_win_64/sdk_win_64/winavr/bin/../lib/gcc/avr/4.3.3/avr5\libgcc.a(_pack_sf.o)
 .debug_frame   0x00000180       0x20 c:/program files/sdk_win_64/sdk_win_64/winavr/bin/../lib/gcc/avr/4.3.3/avr5\libgcc.a(_unpack_sf.o)
 .debug_frame   0x000001a0       0x20 c:/program files/sdk_win_64/sdk_win_64/winavr/bin/../lib/gcc/avr/4.3.3/avr5\libgcc.a(_fpcmp_parts_sf.o)

.debug_str      0x00000000      0x2ff
 *(.debug_str)
 .debug_str     0x00000000       0xbf c:/program files/sdk_win_64/sdk_win_64/winavr/bin/../lib/gcc/avr/4.3.3/avr5\libgcc.a(_fixunssfsi.o)
                                 0xfe (size before relaxing)
 .debug_str     0x000000bf      0x14d c:/program files/sdk_win_64/sdk_win_64/winavr/bin/../lib/gcc/avr/4.3.3/avr5\libgcc.a(_addsub_sf.o)
                                0x206 (size before relaxing)
 .debug_str     0x0000020c       0x27 c:/program files/sdk_win_64/sdk_win_64/winavr/bin/../lib/gcc/avr/4.3.3/avr5\libgcc.a(_mul_sf.o)
                                0x1bf (size before relaxing)
 .debug_str     0x00000233       0x35 c:/program files/sdk_win_64/sdk_win_64/winavr/bin/../lib/gcc/avr/4.3.3/avr5\libgcc.a(_div_sf.o)
                                0x1c8 (size before relaxing)
 .debug_str     0x00000268        0x8 c:/program files/sdk_win_64/sdk_win_64/winavr/bin/../lib/gcc/avr/4.3.3/avr5\libgcc.a(_eq_sf.o)
                                0x195 (size before relaxing)
 .debug_str     0x00000270        0x8 c:/program files/sdk_win_64/sdk_win_64/winavr/bin/../lib/gcc/avr/4.3.3/avr5\libgcc.a(_ge_sf.o)
                                0x195 (size before relaxing)
 .debug_str     0x00000278       0x1e c:/program files/sdk_win_64/sdk_win_64/winavr/bin/../lib/gcc/avr/4.3.3/avr5\libgcc.a(_si_to_sf.o)
                                0x17b (size before relaxing)
 .debug_str     0x00000296        0xa c:/program files/sdk_win_64/sdk_win_64/winavr/bin/../lib/gcc/avr/4.3.3/avr5\libgcc.a(_sf_to_si.o)
                                0x19e (size before relaxing)
 .debug_str     0x00000000      0x103 c:/program files/sdk_win_64/sdk_win_64/winavr/bin/../lib/gcc/avr/4.3.3/avr5\libgcc.a(_thenan_sf.o)
 .debug_str     0x000002a0       0x14 c:/program files/sdk_win_64/sdk_win_64/winavr/bin/../lib/gcc/avr/4.3.3/avr5\libgcc.a(_usi_to_sf.o)
                                0x177 (size before relaxing)
 .debug_str     0x000002b4       0x20 c:/program files/sdk_win_64/sdk_win_64/winavr/bin/../lib/gcc/avr/4.3.3/avr5\libgcc.a(_clzsi2.o)
                                0x111 (size before relaxing)
 .debug_str     0x000002d4       0x10 c:/program files/sdk_win_64/sdk_win_64/winavr/bin/../lib/gcc/avr/4.3.3/avr5\libgcc.a(_pack_sf.o)
                                0x19d (size before relaxing)
 .debug_str     0x000002e4        0xb c:/program files/sdk_win_64/sdk_win_64/winavr/bin/../lib/gcc/avr/4.3.3/avr5\libgcc.a(_unpack_sf.o)
                                0x17f (size before relaxing)
 .debug_str     0x000002ef       0x10 c:/program files/sdk_win_64/sdk_win_64/winavr/bin/../lib/gcc/avr/4.3.3/avr5\libgcc.a(_fpcmp_parts_sf.o)
                                0x163 (size before relaxing)
 .debug_str     0x00000000       0xf4 c:/program files/sdk_win_64/sdk_win_64/winavr/bin/../lib/gcc/avr/4.3.3/avr5\libgcc.a(_clz.o)

.debug_loc      0x00000000      0x9de
 *(.debug_loc)
 .debug_loc     0x00000000       0x34 c:/program files/sdk_win_64/sdk_win_64/winavr/bin/../lib/gcc/avr/4.3.3/avr5\libgcc.a(_fixunssfsi.o)
 .debug_loc     0x00000034      0x32a c:/program files/sdk_win_64/sdk_win_64/winavr/bin/../lib/gcc/avr/4.3.3/avr5\libgcc.a(_addsub_sf.o)
 .debug_loc     0x0000035e      0x104 c:/program files/sdk_win_64/sdk_win_64/winavr/bin/../lib/gcc/avr/4.3.3/avr5\libgcc.a(_mul_sf.o)
 .debug_loc     0x00000462       0xc0 c:/program files/sdk_win_64/sdk_win_64/winavr/bin/../lib/gcc/avr/4.3.3/avr5\libgcc.a(_div_sf.o)
 .debug_loc     0x00000522       0x3c c:/program files/sdk_win_64/sdk_win_64/winavr/bin/../lib/gcc/avr/4.3.3/avr5\libgcc.a(_eq_sf.o)
 .debug_loc     0x0000055e       0x3c c:/program files/sdk_win_64/sdk_win_64/winavr/bin/../lib/gcc/avr/4.3.3/avr5\libgcc.a(_ge_sf.o)
 .debug_loc     0x0000059a       0xac c:/program files/sdk_win_64/sdk_win_64/winavr/bin/../lib/gcc/avr/4.3.3/avr5\libgcc.a(_si_to_sf.o)
 .debug_loc     0x00000646       0x7e c:/program files/sdk_win_64/sdk_win_64/winavr/bin/../lib/gcc/avr/4.3.3/avr5\libgcc.a(_sf_to_si.o)
 .debug_loc     0x000006c4       0x4c c:/program files/sdk_win_64/sdk_win_64/winavr/bin/../lib/gcc/avr/4.3.3/avr5\libgcc.a(_usi_to_sf.o)
 .debug_loc     0x00000710       0x94 c:/program files/sdk_win_64/sdk_win_64/winavr/bin/../lib/gcc/avr/4.3.3/avr5\libgcc.a(_clzsi2.o)
 .debug_loc     0x000007a4      0x13e c:/program files/sdk_win_64/sdk_win_64/winavr/bin/../lib/gcc/avr/4.3.3/avr5\libgcc.a(_pack_sf.o)
 .debug_loc     0x000008e2       0xac c:/program files/sdk_win_64/sdk_win_64/winavr/bin/../lib/gcc/avr/4.3.3/avr5\libgcc.a(_unpack_sf.o)
 .debug_loc     0x0000098e       0x50 c:/program files/sdk_win_64/sdk_win_64/winavr/bin/../lib/gcc/avr/4.3.3/avr5\libgcc.a(_fpcmp_parts_sf.o)

.debug_macinfo
 *(.debug_macinfo)
OUTPUT(509_GROUP.elf elf32-avr)
LOAD linker stubs

.debug_ranges   0x00000000       0x50
 .debug_ranges  0x00000000       0x50 c:/program files/sdk_win_64/sdk_win_64/winavr/bin/../lib/gcc/avr/4.3.3/avr5\libgcc.a(_mul_sf.o)
